==============================================================================
Tests :: Testing functionality through Robot Framework                        
==============================================================================
Tests.Test spam patch enhance                                                 
==============================================================================
Check_Spam_update                                                       
  Traceback (most recent call last):
    ~~~~~~~~~~~~~~~~~~~~~~~~~~~~~~~~~~~~~~~~~~~~~~~~~~~~~~~~~~~~~~~~~~~~~~~~~~
    File  D:\Replay\Symphonyreplay\Tests\Test_spam_patch_enhance.robot:9
    T:  Check_Spam_update    
    ~~~~~~~~~~~~~~~~~~~~~~~~~~~~~~~~~~~~~~~~~~~~~~~~~~~~~~~~~~~~~~~~~~~~~~~~~~
    File  D:\Replay\Symphonyreplay\Tests\Test_spam_patch_enhance.robot:14
      Spam software selection    
    ~~~~~~~~~~~~~~~~~~~~~~~~~~~~~~~~~~~~~~~~~~~~~~~~~~~~~~~~~~~~~~~~~~~~~~~~~~
    File  D:\Replay\Symphonyreplay\Tests\Resource\Spam_Patch_enhance.robot:83
      Click Element    wnd[1]/tbar[0]/btn[7]
______________________________________________________________________________
| FAIL |
ValueError: Cannot find element with id 'wnd[1]/tbar[0]/btn[7]'
------------------------------------------------------------------------------
Import Queue                                                            
  Traceback (most recent call last):
    ~~~~~~~~~~~~~~~~~~~~~~~~~~~~~~~~~~~~~~~~~~~~~~~~~~~~~~~~~~~~~~~~~~~~~~~~~~
    File  D:\Replay\Symphonyreplay\Tests\Test_spam_patch_enhance.robot:17
    T:  Import Queue    
    ~~~~~~~~~~~~~~~~~~~~~~~~~~~~~~~~~~~~~~~~~~~~~~~~~~~~~~~~~~~~~~~~~~~~~~~~~~
    File  D:\Replay\Symphonyreplay\Tests\Test_spam_patch_enhance.robot:18
      Importing queue from support package    
    ~~~~~~~~~~~~~~~~~~~~~~~~~~~~~~~~~~~~~~~~~~~~~~~~~~~~~~~~~~~~~~~~~~~~~~~~~~
    File  D:\Replay\Symphonyreplay\Tests\Resource\Spam_Patch_enhance.robot:112
      Click Element    wnd[1]/tbar[0]/btn[27]
______________________________________________________________________________
| FAIL |
ValueError: Cannot find element with id 'wnd[1]/tbar[0]/btn[27]'
------------------------------------------------------------------------------
Tests.Test spam patch enhance                                         | FAIL |
2 tests, 0 passed, 2 failed
==============================================================================
Tests :: Testing functionality through Robot Framework                | FAIL |
2 tests, 0 passed, 2 failed
==============================================================================
Output:  D:\Replay\Symphonyreplay\Output\242feddd-8d81-427f-94c8-8a60683f0f2d\pabot_results\0\Output.xml
