==============================================================================
Tests :: Testing functionality through Robot Framework                        
==============================================================================
Tests.Test spam patch enhance                                                 
==============================================================================
Check_Spam_update                                                       
  Traceback (most recent call last):
    ~~~~~~~~~~~~~~~~~~~~~~~~~~~~~~~~~~~~~~~~~~~~~~~~~~~~~~~~~~~~~~~~~~~~~~~~~~
    File  D:\Replay\Symphonyreplay\Tests\Test_spam_patch_enhance.robot:9
    T:  Check_Spam_update    
    ~~~~~~~~~~~~~~~~~~~~~~~~~~~~~~~~~~~~~~~~~~~~~~~~~~~~~~~~~~~~~~~~~~~~~~~~~~
    File  D:\Replay\Symphonyreplay\Tests\Test_spam_patch_enhance.robot:15
      Important SAP note handling    
    ~~~~~~~~~~~~~~~~~~~~~~~~~~~~~~~~~~~~~~~~~~~~~~~~~~~~~~~~~~~~~~~~~~~~~~~~~~
    File  D:\Replay\Symphonyreplay\Tests\Resource\Spam_Patch_enhance.robot:101
      Click Element    wnd[1]/usr/btnBUTTON_2
______________________________________________________________________________
| FAIL |
ValueError: Cannot find element with id 'wnd[1]/usr/btnBUTTON_2'
------------------------------------------------------------------------------
Tests.Test spam patch enhance                                         | FAIL |
1 test, 0 passed, 1 failed
==============================================================================
Tests :: Testing functionality through Robot Framework                | FAIL |
1 test, 0 passed, 1 failed
==============================================================================
Output:  D:\Replay\Symphonyreplay\Output\b1d51e0e-568f-4a1f-8b03-a5216d85b9dd\pabot_results\0\Output.xml
