==============================================================================
Tests :: Testing functionality through Robot Framework                        
==============================================================================
Tests.Test spam Update                                                        
==============================================================================
  
  Traceback (most recent call last):
    ~~~~~~~~~~~~~~~~~~~~~~~~~~~~~~~~~~~~~~~~~~~~~~~~~~~~~~~~~~~~~~~~~~~~~~~~~~
    File  D:\Replay\Symphonyreplay\Tests\Test_spam_Update.robot:4
      System Logon    
    ~~~~~~~~~~~~~~~~~~~~~~~~~~~~~~~~~~~~~~~~~~~~~~~~~~~~~~~~~~~~~~~~~~~~~~~~~~
    File  D:\Replay\Symphonyreplay\Tests\Resource\Spam_Update.robot:34
      Start Process    ${symvar('EXE_PAD')}
      |  ${symvar('EXE_PAD')} = $EXE_PAD (str)
______________________________________________________________________________
Check_Spam_update                                                     | FAIL |
Parent suite setup failed:
FileNotFoundError: [WinError 2] The system cannot find the file specified
------------------------------------------------------------------------------
  
  Traceback (most recent call last):
    ~~~~~~~~~~~~~~~~~~~~~~~~~~~~~~~~~~~~~~~~~~~~~~~~~~~~~~~~~~~~~~~~~~~~~~~~~~
    File  D:\Replay\Symphonyreplay\Tests\Test_spam_Update.robot:5
      System Logout    
    ~~~~~~~~~~~~~~~~~~~~~~~~~~~~~~~~~~~~~~~~~~~~~~~~~~~~~~~~~~~~~~~~~~~~~~~~~~
    File  D:\Replay\Symphonyreplay\Tests\Resource\Spam_Update.robot:115
      Run Transaction    /nex
______________________________________________________________________________
Tests.Test spam Update                                                | FAIL |
Suite setup failed:
FileNotFoundError: [WinError 2] The system cannot find the file specified

Also suite teardown failed:
AttributeError: 'int' object has no attribute 'findById'

1 test, 0 passed, 1 failed
==============================================================================
Tests :: Testing functionality through Robot Framework                | FAIL |
1 test, 0 passed, 1 failed
==============================================================================
Output:  D:\Replay\Symphonyreplay\Output\3f4ec3b1-a7b3-4a07-9ece-c14945cfcf5a\pabot_results\0\Output.xml
