==============================================================================
Tests :: Testing functionality through Robot Framework                        
==============================================================================
Tests.Test spam patch                                                         
==============================================================================
Check_Spam_update                                                       
  Traceback (most recent call last):
    ~~~~~~~~~~~~~~~~~~~~~~~~~~~~~~~~~~~~~~~~~~~~~~~~~~~~~~~~~~~~~~~~~~~~~~~~~~
    File  D:\Replay\Symphonyreplay\Tests\Test_spam_patch.robot:8
    T:  Check_Spam_update    
    ~~~~~~~~~~~~~~~~~~~~~~~~~~~~~~~~~~~~~~~~~~~~~~~~~~~~~~~~~~~~~~~~~~~~~~~~~~
    File  D:\Replay\Symphonyreplay\Tests\Test_spam_patch.robot:9
      Spam Transaction    
    ~~~~~~~~~~~~~~~~~~~~~~~~~~~~~~~~~~~~~~~~~~~~~~~~~~~~~~~~~~~~~~~~~~~~~~~~~~
    File  D:\Replay\Symphonyreplay\Tests\Resource\Spam_Patch.robot:56
      Screenshot Test    01_spam.png
______________________________________________________________________________
| FAIL |
OSError: screen grab failed
------------------------------------------------------------------------------
Tests.Test spam patch                                                 | FAIL |
1 test, 0 passed, 1 failed
==============================================================================
Tests :: Testing functionality through Robot Framework                | FAIL |
1 test, 0 passed, 1 failed
==============================================================================
Output:  D:\Replay\Symphonyreplay\Output\560cf4a9-c21a-4e22-852a-cf0a70f1acd5\pabot_results\0\Output.xml
