==============================================================================
Tests :: Testing functionality through Robot Framework                        
==============================================================================
Tests.Test Addon                                                              
==============================================================================
Check_Saint Transation Code                                           | PASS |
------------------------------------------------------------------------------
Selecting the path for the Addon                                        
  Traceback (most recent call last):
    ~~~~~~~~~~~~~~~~~~~~~~~~~~~~~~~~~~~~~~~~~~~~~~~~~~~~~~~~~~~~~~~~~~~~~~~~~~
    File  D:\Replay\Symphonyreplay\Tests\Test_Addon.robot:13
    T:  Selecting the path for the Addon    
    ~~~~~~~~~~~~~~~~~~~~~~~~~~~~~~~~~~~~~~~~~~~~~~~~~~~~~~~~~~~~~~~~~~~~~~~~~~
    File  D:\Replay\Symphonyreplay\Tests\Test_Addon.robot:16
      Start Options    
    ~~~~~~~~~~~~~~~~~~~~~~~~~~~~~~~~~~~~~~~~~~~~~~~~~~~~~~~~~~~~~~~~~~~~~~~~~~
    File  D:\Replay\Symphonyreplay\Tests\Resource\Addon.robot:107
      Click Element    wnd[1]/tbar[0]/btn[27]
______________________________________________________________________________
| FAIL |
ValueError: Cannot find element with id 'wnd[1]/tbar[0]/btn[27]'
------------------------------------------------------------------------------
Process Until Finish Button Visible                                     
  Traceback (most recent call last):
    ~~~~~~~~~~~~~~~~~~~~~~~~~~~~~~~~~~~~~~~~~~~~~~~~~~~~~~~~~~~~~~~~~~~~~~~~~~
    File  D:\Replay\Symphonyreplay\Tests\Test_Addon.robot:19
    T:  Process Until Finish Button Visible    
    ~~~~~~~~~~~~~~~~~~~~~~~~~~~~~~~~~~~~~~~~~~~~~~~~~~~~~~~~~~~~~~~~~~~~~~~~~~
    File  D:\Replay\Symphonyreplay\Tests\Test_Addon.robot:20
      Process Until Finish Button Visible    
    ~~~~~~~~~~~~~~~~~~~~~~~~~~~~~~~~~~~~~~~~~~~~~~~~~~~~~~~~~~~~~~~~~~~~~~~~~~
    File  D:\Replay\Symphonyreplay\Tests\Resource\Addon.robot:140
      Click Element    wnd[1]/tbar[0]/btn[27]
______________________________________________________________________________
| FAIL |
ValueError: Cannot find element with id 'wnd[1]/tbar[0]/btn[27]'
------------------------------------------------------------------------------
Tests.Test Addon                                                      | FAIL |
3 tests, 1 passed, 2 failed
==============================================================================
Tests :: Testing functionality through Robot Framework                | FAIL |
3 tests, 1 passed, 2 failed
==============================================================================
Output:  D:\Replay\Symphonyreplay\Output\10a68e92-8e99-4245-8ab7-56eb01d28f1a\pabot_results\0\Output.xml
