==============================================================================
Tests :: Testing functionality through Robot Framework                        
==============================================================================
Tests.Test Addon                                                              
==============================================================================
Check_Saint Transation Code                                           | PASS |
------------------------------------------------------------------------------
Selecting the path for the Addon                                        
  Traceback (most recent call last):
    ~~~~~~~~~~~~~~~~~~~~~~~~~~~~~~~~~~~~~~~~~~~~~~~~~~~~~~~~~~~~~~~~~~~~~~~~~~
    File  D:\Replay\Symphonyreplay\Tests\Test_Addon.robot:13
    T:  Selecting the path for the Addon    
    ~~~~~~~~~~~~~~~~~~~~~~~~~~~~~~~~~~~~~~~~~~~~~~~~~~~~~~~~~~~~~~~~~~~~~~~~~~
    File  D:\Replay\Symphonyreplay\Tests\Test_Addon.robot:14
      Patch selection for the Addon    
    ~~~~~~~~~~~~~~~~~~~~~~~~~~~~~~~~~~~~~~~~~~~~~~~~~~~~~~~~~~~~~~~~~~~~~~~~~~
    File  D:\Replay\Symphonyreplay\Tests\Resource\Addon.robot:87
      Saint Select    wnd[0]/usr/subLIST_AREA:SAPLSAINT_UI:0300/tabsQUEUE_COMP/tabpQUEUE_COMP_FC2/ssubQUEUE_COMP_SCA:SAPLSAINT_UI:0303/cmbGV_01_PATCH_REQ    ${symvar('Patch')}
      |  ${symvar('Patch')} = KITABCA.SAR (str)
______________________________________________________________________________
| FAIL |
AttributeError: Property '<unknown>.key' can not be set.
------------------------------------------------------------------------------
Process Until Finish Button Visible                                     
  Traceback (most recent call last):
    ~~~~~~~~~~~~~~~~~~~~~~~~~~~~~~~~~~~~~~~~~~~~~~~~~~~~~~~~~~~~~~~~~~~~~~~~~~
    File  D:\Replay\Symphonyreplay\Tests\Test_Addon.robot:19
    T:  Process Until Finish Button Visible    
    ~~~~~~~~~~~~~~~~~~~~~~~~~~~~~~~~~~~~~~~~~~~~~~~~~~~~~~~~~~~~~~~~~~~~~~~~~~
    File  D:\Replay\Symphonyreplay\Tests\Test_Addon.robot:20
      Process Until Finish Button Visible    
    ~~~~~~~~~~~~~~~~~~~~~~~~~~~~~~~~~~~~~~~~~~~~~~~~~~~~~~~~~~~~~~~~~~~~~~~~~~
    File  D:\Replay\Symphonyreplay\Tests\Resource\Addon.robot:140
      Click Element    wnd[1]/tbar[0]/btn[27]
______________________________________________________________________________
| FAIL |
ValueError: Cannot find element with id 'wnd[1]/tbar[0]/btn[27]'
------------------------------------------------------------------------------
Tests.Test Addon                                                      | FAIL |
3 tests, 1 passed, 2 failed
==============================================================================
Tests :: Testing functionality through Robot Framework                | FAIL |
3 tests, 1 passed, 2 failed
==============================================================================
Output:  D:\Replay\Symphonyreplay\Output\7f46ee30-9998-4d1b-92c7-0c10ce47d8d1\pabot_results\0\Output.xml
